[backblue.gif]
[fade.gif]
[index.html]
[localhost/gst/feed/index.html]
[localhost/gst/comments/feed/index.html]
[localhost/gst/wp-includes/js/jquery/jqueryb8ff.js]
[localhost/gst/wp-includes/js/jquery/jquery-migrate.min330a.js]
[localhost/gst/wp-content/plugins/portfolio-wp/js/crp-main-frontc721.js]
[localhost/gst/wp-content/plugins/portfolio-wp/js/crp-helperc721.js]
[localhost/gst/wp-content/plugins/portfolio-wp/js/jquery/jquery.modernizr.minc721.js]
[localhost/gst/wp-content/plugins/portfolio-wp/js/crp-tiled-layerc721.js]
[localhost/gst/wp-content/plugins/portfolio-wp/js/crp-fs-viewerc721.js]
[localhost/gst/wp-content/themes/GST_THEME_BASIC/js/extrac721.js]
[localhost/gst/xmlrpc0db0.php]
[localhost/gst/wp-includes/wlwmanifest.xml]
[localhost/gst/wp-json/index.html]
[localhost/gst/wp-json/oembed/1.0/embedc40a.json]
[localhost/gst/wp-json/oembed/1.0/embed0f5c]
[localhost/gst/wp-content/themes/GST_THEME_BASIC/images/LOGO_1.png]
[localhost/gst/wp-content/themes/GST_THEME_BASIC/images/wordpress_index.jpg]
[localhost/gst/wp-content/themes/GST_THEME_BASIC/images/mobileapp_index.jpg]
[localhost/gst/wp-content/themes/GST_THEME_BASIC/images/websitefromonly.png]
[localhost/gst/wp-content/themes/GST_THEME_BASIC/images/whatsapp_icon.png]
[localhost/gst/wp-content/themes/GST_THEME_BASIC/images/email_icon.png]
[localhost/gst/wp-content/themes/GST_THEME_BASIC/images/twittericon.png]
[localhost/gst/wp-content/themes/Storefront/assets/js/navigation.minb6db.js]
[localhost/gst/wp-content/themes/Storefront/assets/js/skip-link-focus-fix.min08e0.js]
[localhost/gst/wp-includes/js/wp-embed.minc721.js]
[localhost/gst/index.html]
[localhost/gst/wp-includes/css/dist/block-library/style.minc721.css]
[localhost/gst/wp-content/plugins/portfolio-wp/images/general/icons/close-icon-2.png]
[localhost/gst/wp-content/plugins/portfolio-wp/css/crp-main-frontc721.css]
[localhost/gst/wp-content/plugins/portfolio-wp/css/crp-tc-buttonsc721.css]
[localhost/gst/wp-content/plugins/portfolio-wp/css/crp-tiled-layerc721.css]
[localhost/gst/wp-content/plugins/portfolio-wp/css/fonts/fontawesome-webfonte0a5.eot]
[localhost/gst/wp-content/plugins/portfolio-wp/css/fonts/fontawesome-webfontd41d.eot]
[localhost/gst/wp-content/plugins/portfolio-wp/css/fonts/fontawesome-webfonte0a5.woff2]
[localhost/gst/wp-content/plugins/portfolio-wp/css/fonts/fontawesome-webfonte0a5.woff]
[localhost/gst/wp-content/plugins/portfolio-wp/css/fonts/fontawesome-webfonte0a5.ttf]
[localhost/gst/wp-content/plugins/portfolio-wp/css/fontawesome/font-awesomec721.css]
[localhost/gst/wp-content/themes/GST_THEME_BASIC/stylec721.css]
[localhost/gst/wp-content/themes/Storefront/styleb6db.css]
[localhost/gst/wp-content/themes/Storefront/assets/fonts/fa-solid-900.eot]
[localhost/gst/wp-content/themes/Storefront/assets/fonts/fa-solid-900.woff2]
[localhost/gst/wp-content/themes/Storefront/assets/fonts/fa-solid-900.woff]
[localhost/gst/wp-content/themes/Storefront/assets/fonts/fa-solid-900d41d.eot]
[localhost/gst/wp-content/themes/Storefront/assets/fonts/fa-solid-900.ttf]
[localhost/gst/wp-content/themes/Storefront/assets/css/base/iconsb6db.css]
[localhost/gst/wp-content/themes/GST_THEME_BASIC/style.css]
[localhost/gst/wp-content/themes/GST_THEME_BASIC/style8a54.css]
[localhost/gst/wp-json/oembed/1.0/embeddecc.json]
[localhost/gst/wp-json/oembed/1.0/embed191d]
[localhost/gst/services/index.html]
[localhost/gst/wp-json/oembed/1.0/embed63bb.json]
[localhost/gst/wp-json/oembed/1.0/embed0145]
[localhost/gst/wp-content/plugins/portfolio-wp/js/jquery/jquery.modernizr.min.js]
[localhost/gst/wp-content/plugins/portfolio-wp/js/crp-tiled-layer.js]
[localhost/gst/wp-content/plugins/portfolio-wp/js/jquery/jquery.lightgallery.min.js]
[localhost/gst/wp-content/uploads/2017/10/wordpress_sports.png]
[localhost/gst/wp-content/uploads/2017/10/wordpress_sports-278x300.png]
[localhost/gst/wp-content/uploads/2017/10/winchampion_wordpress.jpg]
[localhost/gst/wp-content/uploads/2017/10/winchampion_wordpress-300x207.jpg]
[localhost/gst/wp-content/uploads/2017/10/wordpress_music_pg1.jpg]
[localhost/gst/wp-content/uploads/2017/10/wordpress_music_pg1-300x169.jpg]
[localhost/gst/wp-content/uploads/2017/10/wordpress_music_pg3.jpg]
[localhost/gst/wp-content/uploads/2017/10/wordpress_music_pg3-300x169.jpg]
[localhost/gst/wp-content/uploads/2017/10/wordpress_music_pg4.jpg]
[localhost/gst/wp-content/uploads/2017/10/wordpress_music_pg4-300x169.jpg]
[localhost/gst/wp-content/uploads/2017/10/dynamic_dance_pg1.jpg]
[localhost/gst/wp-content/uploads/2017/10/dynamic_dance_pg1-300x171.jpg]
[localhost/gst/wp-content/uploads/2017/10/dynamic_dance_pg3.jpg]
[localhost/gst/wp-content/uploads/2017/10/dynamic_dance_pg3-300x170.jpg]
[localhost/gst/wp-content/uploads/2017/10/dynamic_dance_pg2.jpg]
[localhost/gst/wp-content/uploads/2017/10/dynamic_dance_pg2-300x171.jpg]
[localhost/gst/wp-content/uploads/2017/10/dynamic_dance_pg4.jpg]
[localhost/gst/wp-content/uploads/2017/10/dynamic_dance_pg4-300x169.jpg]
[localhost/gst/wp-content/uploads/2017/10/static_business.jpg]
[localhost/gst/wp-content/uploads/2017/10/static_business-229x300.jpg]
[localhost/gst/our-work/index.html]
[localhost/gst/wp-json/oembed/1.0/embed4ded.json]
[localhost/gst/aboutus/feed/index.html]
[localhost/gst/wp-json/oembed/1.0/embedff4a]
[localhost/gst/aboutus/index.html]
[localhost/gst/wp-content/themes/Storefront/images/search-icon.html]
[localhost/gst/index66d0.html]
[localhost/gst/index7d5f.html]
[localhost/gst/wp-json/oembed/1.0/embede4f4.json]
[localhost/gst/graphic-design/feed/index.html]
[localhost/gst/wp-json/oembed/1.0/embedaa43]
[localhost/gst/wp-includes/js/comment-reply.minc721.js]
[localhost/gst/graphic-design/index.html]
[localhost/gst/wp-json/oembed/1.0/embedf736.json]
[localhost/gst/wp-json/oembed/1.0/embed7211]
[localhost/gst/website-under-construction/feed/index.html]
[localhost/gst/website-under-construction/index.html]
[localhost/gst/wp-json/oembed/1.0/embedccbc]
[localhost/gst/html5-tutorials/feed/index.html]
[localhost/gst/wp-json/oembed/1.0/embed0a33]
[localhost/gst/html5-tutorials/index.html]
[localhost/gst/wp-json/oembed/1.0/embed1bfa.json]
[localhost/gst/112/feed/index.html]
[localhost/gst/wp-json/oembed/1.0/embed3c15]
[localhost/gst/112/index.html]
[localhost/gst/wp-json/oembed/1.0/embed5342.json]
[localhost/gst/114/feed/index.html]
[localhost/gst/wp-json/oembed/1.0/embed2a83]
[localhost/gst/114/index.html]
[localhost/gst/wp-json/oembed/1.0/embed08cf.json]
[localhost/gst/124/feed/index.html]
[localhost/gst/wp-json/oembed/1.0/embed3f70]
[localhost/gst/124/index.html]
[localhost/gst/wp-content/plugins/portfolio-wp/css/fonts/fontawesome-webfonte0a5.svg]
[localhost/gst/wp-content/themes/Storefront/assets/fonts/fa-solid-900.svg]
[localhost/gst/index2df4.html]
[localhost/gst/index43b2.html]
[localhost/gst/wp-content/plugins/portfolio-wp/css/crp-tiled-layer.css]
[localhost/gst/wp-content/plugins/portfolio-wp/css/lightgallery/fonts/Slide-icons.eot]
[localhost/gst/wp-content/plugins/portfolio-wp/css/lightgallery/images/loading.gif]
[localhost/gst/wp-content/plugins/portfolio-wp/css/lightgallery/lightgallery.css]
[localhost/gst/wp-content/plugins/portfolio-wp/css/crp-captions.css]
[localhost/gst/indexc471.html]
[localhost/gst/wp-json/oembed/1.0/embed33c9.json]
[localhost/gst/wp-json/oembed/1.0/embedb9e5]
[localhost/gst/wordpress-development/index.html]
[localhost/gst/wp-json/oembed/1.0/embed94d4.json]
[localhost/gst/wp-json/oembed/1.0/embede1d1]
[localhost/gst/mobile-application-app-development/index.html]
[localhost/gst/wp-content/uploads/2019/03/app1.png]
[localhost/gst/wp-json/oembed/1.0/embed81c8.json]
[localhost/gst/who-we-are/feed/index.html]
[localhost/gst/wp-json/oembed/1.0/embed1403]
[localhost/gst/who-we-are/index.html]
[localhost/gst/index0721.html]
[localhost/gst/author/admin/index.html]
[localhost/gst/category/home_cat/index.html]
[localhost/gst/category/home_cat/feed/index.html]
[localhost/gst/author/admin/feed/index.html]
[localhost/gst/wp-json/oembed/1.0/embed03b2.json]
[localhost/gst/hello-world-2/feed/index.html]
[localhost/gst/wp-json/oembed/1.0/embed02f3]
[localhost/gst/hello-world-2/index.html]
[localhost/gst/index678b.html]
[localhost/gst/category/paragraph2/index.html]
[localhost/gst/category/paragraph2/feed/index.html]
[localhost/gst/wp-json/oembed/1.0/embedb782.json]
[localhost/gst/css3-tutorial/feed/index.html]
[localhost/gst/wp-json/oembed/1.0/embed794c]
[localhost/gst/css3-tutorial/index.html]
[localhost/gst/index2cce.html]
[localhost/gst/category/uncategorised/index.html]
[localhost/gst/wp-json/oembed/1.0/embed4dfe.json]
[localhost/gst/category/uncategorised/feed/index.html]
[localhost/gst/test3/feed/index.html]
[localhost/gst/wp-json/oembed/1.0/embed13eb]
[localhost/gst/test3/index.html]
[localhost/gst/index8820.html]
[localhost/gst/index30a5.html]
[localhost/gst/indexd4a6.html]
[localhost/gst/index1a26.html]
[localhost/gst/index421d.html]
[localhost/gst/indexe9b4.html]
[localhost/gst/index5fb3.html]
[localhost/gst/index7665.html]
[localhost/gst/indexb135.html]
[greatstartech.heliohost.org/wp-content/themes/GST_THEME_BASIC/images/grey_background.png]
[greatstartech.heliohost.org/wp-content/uploads/2017/10/winchampion_wordpress.jpg]
[localhost/wordpress/wp-content/uploads/2017/10/site1_wordpress-300x236.html]
[greatstartech.heliohost.org/wp-content/uploads/2017/10/site1_wordpress.jpg]
